Running Gradle task 'assembleDebug'...                          
flutter : 
At line:1 char:1
+ flutter build apk 
--debug > 
build_output.txt 2>&1
+ ~~~~~~~~~~~~~~~~~~~~~
~~~~~~~~~~~~~~~~~~~~~~~
~~~~~
    + CategoryInfo     
         : NotSpecifi  
  ed: (:String) [],    
 RemoteException
    + FullyQualifiedEr 
   rorId : NativeComm  
  andError
 
FAILURE: Build failed 
with an exception.

* What went wrong:
Execution failed for 
task ':app:checkDebugAa
rMetadata'.
> A failure occurred 
while executing com.and
roid.build.gradle.inter
nal.tasks.CheckAarMetad
ataWorkAction
   > An issue was 
found when checking 
AAR metadata:

       1.  Dependency '
:flutter_local_notifica
tions' requires 
desugar_jdk_libs 
version to be
           2.1.4 or 
above for :app, which 
is currently 2.1.2

           See https://
d.android.com/studio/bu
ild/library-desugaring 
for more
           details.

* Try:
> Run with 
--stacktrace option to 
get the stack trace.
> Run with --info or 
--debug option to get 
more log output.
> Run with --scan to 
get full insights.
> Get more help at http
s://help.gradle.org.

BUILD FAILED in 5s
Running Gradle task 'assembleDebug'...                              5.5s
Gradle task 
assembleDebug failed 
with exit code 1
